\BOOKMARK [0][-]{chapter.1}{\376\377\000T\000u\000t\000o\000r\000i\000a\000l\000:\000\040\000d\000e\000f\000i\000n\000i\000c\000i\000\363\000n\000\040\000d\000e\000\040\000u\000n\000a\000\040\000v\000i\000s\000u\000a\000l\000i\000z\000a\000c\000i\000\363\000n\000\040\000d\000e\000\040\000h\000o\000r\000a\000r\000i\000o\000s\000\040\000c\000o\000n\000\040\000e\000l\000\040\000D\000S\000L}{}% 1
\BOOKMARK [1][-]{section.1.1}{\376\377\000R\000e\000q\000u\000i\000s\000i\000t\000o\000s}{chapter.1}% 2
\BOOKMARK [2][-]{subsection.1.1.1}{\376\377\000S\000o\000f\000t\000w\000a\000r\000e\000\040\000n\000e\000c\000e\000s\000a\000r\000i\000o}{section.1.1}% 3
\BOOKMARK [2][-]{subsection.1.1.2}{\376\377\000E\000s\000t\000r\000u\000c\000t\000u\000r\000a\000\040\000d\000e\000l\000\040\000p\000r\000o\000y\000e\000c\000t\000o}{section.1.1}% 4
\BOOKMARK [1][-]{section.1.2}{\376\377\000C\000o\000n\000c\000e\000p\000t\000o\000s\000\040\000f\000u\000n\000d\000a\000m\000e\000n\000t\000a\000l\000e\000s}{chapter.1}% 5
\BOOKMARK [2][-]{subsection.1.2.1}{\376\377\000E\000l\000\040\000\341\000r\000b\000o\000l\000\040\000d\000e\000\040\000s\000i\000n\000t\000a\000x\000i\000s\000\040\000a\000b\000s\000t\000r\000a\000c\000t\000a\000\040\000\050\000A\000S\000T\000\051}{section.1.2}% 6
\BOOKMARK [2][-]{subsection.1.2.2}{\376\377\000E\000l\000\040\000D\000S\000L\000\040\000e\000s\000\040\000i\000n\000d\000e\000p\000e\000n\000d\000i\000e\000n\000t\000e\000\040\000d\000e\000l\000\040\000g\000e\000n\000e\000r\000a\000d\000o\000r\000\040\000d\000e\000\040\000c\000\363\000d\000i\000g\000o}{section.1.2}% 7
\BOOKMARK [2][-]{subsection.1.2.3}{\376\377\000E\000t\000a\000p\000a\000s\000\040\000d\000e\000\040\000l\000a\000\040\000c\000a\000n\000a\000l\000i\000z\000a\000c\000i\000\363\000n}{section.1.2}% 8
\BOOKMARK [2][-]{subsection.1.2.4}{\376\377\000P\000r\000i\000n\000c\000i\000p\000i\000o\000\040\000c\000e\000n\000t\000r\000a\000l\000:\000\040\000i\000n\000t\000e\000n\000c\000i\000\363\000n\000\040\000v\000s\000.\000\040\000i\000m\000p\000l\000e\000m\000e\000n\000t\000a\000c\000i\000\363\000n}{section.1.2}% 9
\BOOKMARK [1][-]{section.1.3}{\376\377\000D\000e\000l\000\040\000p\000r\000o\000b\000l\000e\000m\000a\000\040\000a\000\040\000l\000a\000s\000\040\000t\000a\000b\000l\000a\000s}{chapter.1}% 10
\BOOKMARK [2][-]{subsection.1.3.1}{\376\377\000E\000l\000\040\000p\000r\000o\000b\000l\000e\000m\000a\000\040\000d\000e\000l\000\040\000h\000o\000r\000a\000r\000i\000o\000\040\000d\000e\000\040\000d\000e\000f\000e\000n\000s\000a\000s}{section.1.3}% 11
\BOOKMARK [2][-]{subsection.1.3.2}{\376\377\000D\000e\000c\000i\000d\000i\000r\000\040\000c\000u\000\341\000n\000t\000a\000s\000\040\000t\000a\000b\000l\000a\000s\000\040\000h\000a\000c\000e\000n\000\040\000f\000a\000l\000t\000a}{section.1.3}% 12
\BOOKMARK [2][-]{subsection.1.3.3}{\376\377\000T\000a\000b\000l\000a\000\040\000d\000e\000\040\000d\000e\000f\000e\000n\000s\000a\000s}{section.1.3}% 13
\BOOKMARK [2][-]{subsection.1.3.4}{\376\377\000T\000a\000b\000l\000a\000\040\000d\000e\000\040\000p\000r\000o\000f\000e\000s\000o\000r\000e\000s}{section.1.3}% 14
\BOOKMARK [1][-]{section.1.4}{\376\377\000D\000e\000f\000i\000n\000i\000r\000\040\000l\000a\000\040\000t\000a\000b\000l\000a\000\040\000d\000e\000\040\000d\000e\000f\000e\000n\000s\000a\000s}{chapter.1}% 15
\BOOKMARK [1][-]{section.1.5}{\376\377\000D\000e\000f\000i\000n\000i\000r\000\040\000l\000a\000\040\000t\000a\000b\000l\000a\000\040\000d\000e\000\040\000p\000r\000o\000f\000e\000s\000o\000r\000e\000s}{chapter.1}% 16
\BOOKMARK [2][-]{subsection.1.5.1}{\376\377\000C\000o\000l\000u\000m\000n\000a\000\040\000c\000a\000l\000c\000u\000l\000a\000d\000a\000\040\000c\000o\000n\000\040\000:\000c\000o\000m\000p\000u\000t\000e\000d}{section.1.5}% 17
\BOOKMARK [2][-]{subsection.1.5.2}{\376\377\000F\000o\000r\000m\000a\000t\000o\000\040\000c\000o\000n\000d\000i\000c\000i\000o\000n\000a\000l\000\040\000c\000o\000n\000\040\000:\000r\000e\000n\000d\000e\000r}{section.1.5}% 18
\BOOKMARK [1][-]{section.1.6}{\376\377\000P\000r\000e\000p\000a\000r\000a\000r\000\040\000l\000o\000s\000\040\000d\000a\000t\000o\000s}{chapter.1}% 19
\BOOKMARK [2][-]{subsection.1.6.1}{\376\377\000F\000o\000r\000m\000a\000t\000o\000\040\000d\000e\000\040\000l\000o\000s\000\040\000d\000a\000t\000o\000s}{section.1.6}% 20
\BOOKMARK [1][-]{section.1.7}{\376\377\000C\000o\000n\000s\000t\000r\000u\000i\000r\000\040\000l\000a\000\040\000a\000p\000l\000i\000c\000a\000c\000i\000\363\000n}{chapter.1}% 21
\BOOKMARK [1][-]{section.1.8}{\376\377\000G\000e\000n\000e\000r\000a\000r\000\040\000y\000\040\000e\000j\000e\000c\000u\000t\000a\000r}{chapter.1}% 22
\BOOKMARK [2][-]{subsection.1.8.1}{\376\377\000E\000j\000e\000c\000u\000c\000i\000\363\000n\000\040\000d\000e\000s\000d\000e\000\040\000l\000a\000\040\000t\000e\000r\000m\000i\000n\000a\000l\000\040\000c\000o\000n\000\040\000e\000l\000\040\000s\000c\000r\000i\000p\000t\000\040\000g\000e\000n\000e\000r\000a\000r\000.\000s\000h}{section.1.8}% 23
\BOOKMARK [1][-]{section.1.9}{\376\377\000E\000l\000\040\000p\000r\000o\000g\000r\000a\000m\000a\000\040\000c\000o\000m\000p\000l\000e\000t\000o}{chapter.1}% 24
\BOOKMARK [2][-]{subsection.1.9.1}{\376\377\000d\000a\000t\000a\000-\000t\000u\000t\000o\000r\000i\000a\000l\000.\000l\000i\000s\000p}{section.1.9}% 25
\BOOKMARK [2][-]{subsection.1.9.2}{\376\377\000t\000u\000t\000o\000r\000i\000a\000l\000-\000h\000o\000r\000a\000r\000i\000o\000.\000l\000i\000s\000p}{section.1.9}% 26
\BOOKMARK [1][-]{section.1.10}{\376\377\000R\000e\000s\000u\000l\000t\000a\000d\000o\000\040\000e\000s\000p\000e\000r\000a\000d\000o}{chapter.1}% 27
\BOOKMARK [1][-]{section.1.11}{\376\377\000T\000r\000a\000z\000a\000\040\000d\000e\000l\000\040\000d\000i\000s\000e\000\361\000o}{chapter.1}% 28
\BOOKMARK [1][-]{section.1.12}{\376\377\000R\000e\000f\000e\000r\000e\000n\000c\000i\000a\000\040\000r\000\341\000p\000i\000d\000a\000\040\000d\000e\000\040\000f\000o\000r\000m\000a\000s}{chapter.1}% 29
\BOOKMARK [1][-]{section.1.13}{\376\377\000F\000o\000r\000m\000a\000s\000\040\000d\000e\000l\000\040\000D\000S\000L\000\040\000n\000o\000\040\000u\000t\000i\000l\000i\000z\000a\000d\000a\000s\000\040\000e\000n\000\040\000e\000s\000t\000e\000\040\000t\000u\000t\000o\000r\000i\000a\000l}{chapter.1}% 30
