This is pdfTeX, Version 3.141592653-2.6-1.40.22 (TeX Live 2022/dev/Debian) (preloaded format=pdflatex 2026.2.6)  8 JUN 2026 19:07
entering extended mode
 restricted \write18 enabled.
 %&-line parsing enabled.
**capitulo-ast-jose.tex
(./capitulo-ast-jose.tex
LaTeX2e <2021-11-15> patch level 1
L3 programming layer <2022-01-21>
(/usr/share/texlive/texmf-dist/tex/latex/base/report.cls
Document Class: report 2021/10/04 v1.4n Standard LaTeX document class
(/usr/share/texlive/texmf-dist/tex/latex/base/size12.clo
File: size12.clo 2021/10/04 v1.4n Standard LaTeX file (size option)
)
\c@part=\count185
\c@chapter=\count186
\c@section=\count187
\c@subsection=\count188
\c@subsubsection=\count189
\c@paragraph=\count190
\c@subparagraph=\count191
\c@figure=\count192
\c@table=\count193
\abovecaptionskip=\skip47
\belowcaptionskip=\skip48
\bibindent=\dimen138
)
(/usr/share/texlive/texmf-dist/tex/latex/base/inputenc.sty
Package: inputenc 2021/02/14 v1.3d Input encoding file
\inpenc@prehook=\toks16
\inpenc@posthook=\toks17
)
(/usr/share/texlive/texmf-dist/tex/latex/base/fontenc.sty
Package: fontenc 2021/04/29 v2.0v Standard LaTeX package
)
(/usr/share/texlive/texmf-dist/tex/generic/babel/babel.sty
Package: babel 2022/01/26 3.70 The Babel package
\babel@savecnt=\count194
\U@D=\dimen139
\l@unhyphenated=\language87

(/usr/share/texlive/texmf-dist/tex/generic/babel/txtbabel.def)
\bbl@readstream=\read2
\bbl@dirlevel=\count195

(/usr/share/texlive/texmf-dist/tex/generic/babel-spanish/spanish.ldf
Language: spanish.ldf 2021/05/27 v5.0q Spanish support from the babel system
\es@quottoks=\toks18
\es@quotdepth=\count196
Package babel Info: Making " an active character on input line 570.
Package babel Info: Making . an active character on input line 675.
Package babel Info: Making < an active character on input line 722.
Package babel Info: Making > an active character on input line 722.
))
(/usr/share/texlive/texmf-dist/tex/latex/geometry/geometry.sty
Package: geometry 2020/01/02 v5.9 Page Geometry

(/usr/share/texlive/texmf-dist/tex/latex/graphics/keyval.sty
Package: keyval 2014/10/28 v1.15 key=value parser (DPC)
\KV@toks@=\toks19
)
(/usr/share/texlive/texmf-dist/tex/generic/iftex/ifvtex.sty
Package: ifvtex 2019/10/25 v1.7 ifvtex legacy package. Use iftex instead.

(/usr/share/texlive/texmf-dist/tex/generic/iftex/iftex.sty
Package: iftex 2020/03/06 v1.0d TeX engine tests
))
\Gm@cnth=\count197
\Gm@cntv=\count198
\c@Gm@tempcnt=\count199
\Gm@bindingoffset=\dimen140
\Gm@wd@mp=\dimen141
\Gm@odd@mp=\dimen142
\Gm@even@mp=\dimen143
\Gm@layoutwidth=\dimen144
\Gm@layoutheight=\dimen145
\Gm@layouthoffset=\dimen146
\Gm@layoutvoffset=\dimen147
\Gm@dimlist=\toks20
)
(/usr/share/texlive/texmf-dist/tex/latex/listings/listings.sty
\lst@mode=\count266
\lst@gtempboxa=\box50
\lst@token=\toks21
\lst@length=\count267
\lst@currlwidth=\dimen148
\lst@column=\count268
\lst@pos=\count269
\lst@lostspace=\dimen149
\lst@width=\dimen150
\lst@newlines=\count270
\lst@lineno=\count271
\lst@maxwidth=\dimen151

(/usr/share/texlive/texmf-dist/tex/latex/listings/lstmisc.sty
File: lstmisc.sty 2020/03/24 1.8d (Carsten Heinz)
\c@lstnumber=\count272
\lst@skipnumbers=\count273
\lst@framebox=\box51
)
(/usr/share/texlive/texmf-dist/tex/latex/listings/listings.cfg
File: listings.cfg 2020/03/24 1.8d listings configuration
))
Package: listings 2020/03/24 1.8d (Carsten Heinz)

(/usr/share/texlive/texmf-dist/tex/latex/xcolor/xcolor.sty
Package: xcolor 2021/10/31 v2.13 LaTeX color extensions (UK)

(/usr/share/texlive/texmf-dist/tex/latex/graphics-cfg/color.cfg
File: color.cfg 2016/01/02 v1.6 sample color configuration
)
Package xcolor Info: Driver file: pdftex.def on input line 227.

(/usr/share/texlive/texmf-dist/tex/latex/graphics-def/pdftex.def
File: pdftex.def 2020/10/05 v1.2a Graphics/color driver for pdftex
)
Package xcolor Info: Model `cmy' substituted by `cmy0' on input line 1352.
Package xcolor Info: Model `hsb' substituted by `rgb' on input line 1356.
Package xcolor Info: Model `RGB' extended on input line 1368.
Package xcolor Info: Model `HTML' substituted by `rgb' on input line 1370.
Package xcolor Info: Model `Hsb' substituted by `hsb' on input line 1371.
Package xcolor Info: Model `tHsb' substituted by `hsb' on input line 1372.
Package xcolor Info: Model `HSB' substituted by `hsb' on input line 1373.
Package xcolor Info: Model `Gray' substituted by `gray' on input line 1374.
Package xcolor Info: Model `wave' substituted by `hsb' on input line 1375.
)
(/usr/share/texlive/texmf-dist/tex/latex/amsmath/amsmath.sty
Package: amsmath 2021/10/15 v2.17l AMS math features
\@mathmargin=\skip49

For additional information on amsmath, use the `?' option.
(/usr/share/texlive/texmf-dist/tex/latex/amsmath/amstext.sty
Package: amstext 2021/08/26 v2.01 AMS text

(/usr/share/texlive/texmf-dist/tex/latex/amsmath/amsgen.sty
File: amsgen.sty 1999/11/30 v2.0 generic functions
\@emptytoks=\toks22
\ex@=\dimen152
))
(/usr/share/texlive/texmf-dist/tex/latex/amsmath/amsbsy.sty
Package: amsbsy 1999/11/29 v1.2d Bold Symbols
\pmbraise@=\dimen153
)
(/usr/share/texlive/texmf-dist/tex/latex/amsmath/amsopn.sty
Package: amsopn 2021/08/26 v2.02 operator names
)
\inf@bad=\count274
LaTeX Info: Redefining \frac on input line 234.
\uproot@=\count275
\leftroot@=\count276
LaTeX Info: Redefining \overline on input line 399.
\classnum@=\count277
\DOTSCASE@=\count278
LaTeX Info: Redefining \ldots on input line 496.
LaTeX Info: Redefining \dots on input line 499.
LaTeX Info: Redefining \cdots on input line 620.
\Mathstrutbox@=\box52
\strutbox@=\box53
\big@size=\dimen154
LaTeX Font Info:    Redeclaring font encoding OML on input line 743.
LaTeX Font Info:    Redeclaring font encoding OMS on input line 744.
\macc@depth=\count279
\c@MaxMatrixCols=\count280
\dotsspace@=\muskip16
\c@parentequation=\count281
\dspbrk@lvl=\count282
\tag@help=\toks23
\row@=\count283
\column@=\count284
\maxfields@=\count285
\andhelp@=\toks24
\eqnshift@=\dimen155
\alignsep@=\dimen156
\tagshift@=\dimen157
\tagwidth@=\dimen158
\totwidth@=\dimen159
\lineht@=\dimen160
\@envbody=\toks25
\multlinegap=\skip50
\multlinetaggap=\skip51
\mathdisplay@stack=\toks26
LaTeX Info: Redefining \[ on input line 2938.
LaTeX Info: Redefining \] on input line 2939.
)
(/usr/share/texlive/texmf-dist/tex/latex/booktabs/booktabs.sty
Package: booktabs 2020/01/12 v1.61803398 Publication quality tables
\heavyrulewidth=\dimen161
\lightrulewidth=\dimen162
\cmidrulewidth=\dimen163
\belowrulesep=\dimen164
\belowbottomsep=\dimen165
\aboverulesep=\dimen166
\abovetopsep=\dimen167
\cmidrulesep=\dimen168
\cmidrulekern=\dimen169
\defaultaddspace=\dimen170
\@cmidla=\count286
\@cmidlb=\count287
\@aboverulesep=\dimen171
\@belowrulesep=\dimen172
\@thisruleclass=\count288
\@lastruleclass=\count289
\@thisrulewidth=\dimen173
)
(/usr/share/texlive/texmf-dist/tex/latex/tools/array.sty
Package: array 2021/10/04 v2.5f Tabular extension package (FMi)
\col@sep=\dimen174
\ar@mcellbox=\box54
\extrarowheight=\dimen175
\NC@list=\toks27
\extratabsurround=\skip52
\backup@length=\skip53
\ar@cellbox=\box55
)
(/usr/share/texlive/texmf-dist/tex/latex/parskip/parskip.sty
Package: parskip 2021-03-14 v2.0h non-zero parskip adjustments

(/usr/share/texlive/texmf-dist/tex/latex/kvoptions/kvoptions.sty
Package: kvoptions 2020-10-07 v3.14 Key value format for package options (HO)

(/usr/share/texlive/texmf-dist/tex/generic/ltxcmds/ltxcmds.sty
Package: ltxcmds 2020-05-10 v1.25 LaTeX kernel commands for general use (HO)
)
(/usr/share/texlive/texmf-dist/tex/generic/kvsetkeys/kvsetkeys.sty
Package: kvsetkeys 2019/12/15 v1.18 Key value parser (HO)
))
(/usr/share/texlive/texmf-dist/tex/latex/etoolbox/etoolbox.sty
Package: etoolbox 2020/10/05 v2.5k e-TeX tools for LaTeX (JAW)
\etb@tempcnta=\count290
))
(/usr/share/texlive/texmf-dist/tex/latex/hyperref/hyperref.sty
Package: hyperref 2021-06-07 v7.00m Hypertext links for LaTeX

(/usr/share/texlive/texmf-dist/tex/generic/pdftexcmds/pdftexcmds.sty
Package: pdftexcmds 2020-06-27 v0.33 Utility functions of pdfTeX for LuaTeX (HO
)

(/usr/share/texlive/texmf-dist/tex/generic/infwarerr/infwarerr.sty
Package: infwarerr 2019/12/03 v1.5 Providing info/warning/error messages (HO)
)
Package pdftexcmds Info: \pdf@primitive is available.
Package pdftexcmds Info: \pdf@ifprimitive is available.
Package pdftexcmds Info: \pdfdraftmode found.
)
(/usr/share/texlive/texmf-dist/tex/generic/kvdefinekeys/kvdefinekeys.sty
Package: kvdefinekeys 2019-12-19 v1.6 Define keys (HO)
)
(/usr/share/texlive/texmf-dist/tex/generic/pdfescape/pdfescape.sty
Package: pdfescape 2019/12/09 v1.15 Implements pdfTeX's escape features (HO)
)
(/usr/share/texlive/texmf-dist/tex/latex/hycolor/hycolor.sty
Package: hycolor 2020-01-27 v1.10 Color options for hyperref/bookmark (HO)
)
(/usr/share/texlive/texmf-dist/tex/latex/letltxmacro/letltxmacro.sty
Package: letltxmacro 2019/12/03 v1.6 Let assignment for LaTeX macros (HO)
)
(/usr/share/texlive/texmf-dist/tex/latex/auxhook/auxhook.sty
Package: auxhook 2019-12-17 v1.6 Hooks for auxiliary files (HO)
)
\@linkdim=\dimen176
\Hy@linkcounter=\count291
\Hy@pagecounter=\count292

(/usr/share/texlive/texmf-dist/tex/latex/hyperref/pd1enc.def
File: pd1enc.def 2021-06-07 v7.00m Hyperref: PDFDocEncoding definition (HO)
Now handling font encoding PD1 ...
... no UTF-8 mapping file for font encoding PD1
)
(/usr/share/texlive/texmf-dist/tex/latex/hyperref/hyperref-langpatches.def
File: hyperref-langpatches.def 2021-06-07 v7.00m Hyperref: patches for babel la
nguages
)
(/usr/share/texlive/texmf-dist/tex/generic/intcalc/intcalc.sty
Package: intcalc 2019/12/15 v1.3 Expandable calculations with integers (HO)
)
(/usr/share/texlive/texmf-dist/tex/generic/etexcmds/etexcmds.sty
Package: etexcmds 2019/12/15 v1.7 Avoid name clashes with e-TeX commands (HO)
)
\Hy@SavedSpaceFactor=\count293

(/usr/share/texlive/texmf-dist/tex/latex/hyperref/puenc.def
File: puenc.def 2021-06-07 v7.00m Hyperref: PDF Unicode definition (HO)
Now handling font encoding PU ...
... no UTF-8 mapping file for font encoding PU
)
Package hyperref Info: Hyper figures OFF on input line 4192.
Package hyperref Info: Link nesting OFF on input line 4197.
Package hyperref Info: Hyper index ON on input line 4200.
Package hyperref Info: Plain pages OFF on input line 4207.
Package hyperref Info: Backreferencing OFF on input line 4212.
Package hyperref Info: Implicit mode ON; LaTeX internals redefined.
Package hyperref Info: Bookmarks ON on input line 4445.
\c@Hy@tempcnt=\count294

(/usr/share/texlive/texmf-dist/tex/latex/url/url.sty
\Urlmuskip=\muskip17
Package: url 2013/09/16  ver 3.4  Verb mode for urls, etc.
)
LaTeX Info: Redefining \url on input line 4804.
\XeTeXLinkMargin=\dimen177

(/usr/share/texlive/texmf-dist/tex/generic/bitset/bitset.sty
Package: bitset 2019/12/09 v1.3 Handle bit-vector datatype (HO)

(/usr/share/texlive/texmf-dist/tex/generic/bigintcalc/bigintcalc.sty
Package: bigintcalc 2019/12/15 v1.5 Expandable calculations on big integers (HO
)
))
\Fld@menulength=\count295
\Field@Width=\dimen178
\Fld@charsize=\dimen179
Package hyperref Info: Hyper figures OFF on input line 6076.
Package hyperref Info: Link nesting OFF on input line 6081.
Package hyperref Info: Hyper index ON on input line 6084.
Package hyperref Info: backreferencing OFF on input line 6091.
Package hyperref Info: Link coloring OFF on input line 6096.
Package hyperref Info: Link coloring with OCG OFF on input line 6101.
Package hyperref Info: PDF/A mode OFF on input line 6106.
LaTeX Info: Redefining \ref on input line 6146.
LaTeX Info: Redefining \pageref on input line 6150.

(/usr/share/texlive/texmf-dist/tex/latex/base/atbegshi-ltx.sty
Package: atbegshi-ltx 2021/01/10 v1.0c Emulation of the original atbegshi
package with kernel methods
)
\Hy@abspage=\count296
\c@Item=\count297
\c@Hfootnote=\count298
)
Package hyperref Info: Driver (autodetected): hpdftex.

(/usr/share/texlive/texmf-dist/tex/latex/hyperref/hpdftex.def
File: hpdftex.def 2021-06-07 v7.00m Hyperref driver for pdfTeX

(/usr/share/texlive/texmf-dist/tex/latex/base/atveryend-ltx.sty
Package: atveryend-ltx 2020/08/19 v1.0a Emulation of the original atveryend pac
kage
with kernel methods
)
\Fld@listcount=\count299
\c@bookmark@seq@number=\count300

(/usr/share/texlive/texmf-dist/tex/latex/rerunfilecheck/rerunfilecheck.sty
Package: rerunfilecheck 2019/12/05 v1.9 Rerun checks for auxiliary files (HO)

(/usr/share/texlive/texmf-dist/tex/generic/uniquecounter/uniquecounter.sty
Package: uniquecounter 2019/12/15 v1.4 Provide unlimited unique counter (HO)
)
Package uniquecounter Info: New unique counter `rerunfilecheck' on input line 2
86.
)
\Hy@SectionHShift=\skip54
)
(/usr/share/texlive/texmf-dist/tex/latex/titlesec/titlesec.sty
Package: titlesec 2021/07/05 v2.14 Sectioning titles
\ttl@box=\box56
\beforetitleunit=\skip55
\aftertitleunit=\skip56
\ttl@plus=\dimen180
\ttl@minus=\dimen181
\ttl@toksa=\toks28
\titlewidth=\dimen182
\titlewidthlast=\dimen183
\titlewidthfirst=\dimen184
)
(/usr/share/texlive/texmf-dist/tex/latex/enumitem/enumitem.sty
Package: enumitem 2019/06/20 v3.9 Customized lists
\labelindent=\skip57
\enit@outerparindent=\dimen185
\enit@toks=\toks29
\enit@inbox=\box57
\enit@count@id=\count301
\enitdp@description=\count302
)
Package hyperref Info: Option `colorlinks' set `true' on input line 69.

(/usr/share/texlive/texmf-dist/tex/latex/l3backend/l3backend-pdftex.def
File: l3backend-pdftex.def 2022-01-12 L3 backend support: PDF output (pdfTeX)
\l__color_backend_stack_int=\count303
\l__pdf_internal_box=\box58
)
(./capitulo-ast-jose.aux
LaTeX Info: Redefining \. on input line 25.
LaTeX Info: Redefining \% on input line 25.
)
\openout1 = `capitulo-ast-jose.aux'.

LaTeX Font Info:    Checking defaults for OML/cmm/m/it on input line 79.
LaTeX Font Info:    ... okay on input line 79.
LaTeX Font Info:    Checking defaults for OMS/cmsy/m/n on input line 79.
LaTeX Font Info:    ... okay on input line 79.
LaTeX Font Info:    Checking defaults for OT1/cmr/m/n on input line 79.
LaTeX Font Info:    ... okay on input line 79.
LaTeX Font Info:    Checking defaults for T1/cmr/m/n on input line 79.
LaTeX Font Info:    ... okay on input line 79.
LaTeX Font Info:    Checking defaults for TS1/cmr/m/n on input line 79.
LaTeX Font Info:    ... okay on input line 79.
LaTeX Font Info:    Checking defaults for OMX/cmex/m/n on input line 79.
LaTeX Font Info:    ... okay on input line 79.
LaTeX Font Info:    Checking defaults for U/cmr/m/n on input line 79.
LaTeX Font Info:    ... okay on input line 79.
LaTeX Font Info:    Checking defaults for PD1/pdf/m/n on input line 79.
LaTeX Font Info:    ... okay on input line 79.
LaTeX Font Info:    Checking defaults for PU/pdf/m/n on input line 79.
LaTeX Font Info:    ... okay on input line 79.
LaTeX Info: Redefining \. on input line 79.
LaTeX Info: Redefining \% on input line 79.

*geometry* driver: auto-detecting
*geometry* detected driver: pdftex
*geometry* verbose mode - [ preamble ] result:
* driver: pdftex
* paper: a4paper
* layout: <same size as paper>
* layoutoffset:(h,v)=(0.0pt,0.0pt)
* modes: 
* h-part:(L,W,R)=(85.35826pt, 441.01773pt, 71.13188pt)
* v-part:(T,H,B)=(85.35826pt, 688.5567pt, 71.13188pt)
* \paperwidth=597.50787pt
* \paperheight=845.04684pt
* \textwidth=441.01773pt
* \textheight=688.5567pt
* \oddsidemargin=13.08827pt
* \evensidemargin=13.08827pt
* \topmargin=-23.91173pt
* \headheight=12.0pt
* \headsep=25.0pt
* \topskip=12.0pt
* \footskip=30.0pt
* \marginparwidth=35.0pt
* \marginparsep=10.0pt
* \columnsep=10.0pt
* \skip\footins=10.8pt plus 4.0pt minus 2.0pt
* \hoffset=0.0pt
* \voffset=0.0pt
* \mag=1000
* \@twocolumnfalse
* \@twosidefalse
* \@mparswitchfalse
* \@reversemarginfalse
* (1in=72.27pt=25.4mm, 1cm=28.453pt)

\c@lstlisting=\count304
(/usr/share/texlive/texmf-dist/tex/context/base/mkii/supp-pdf.mkii
[Loading MPS to PDF converter (version 2006.09.02).]
\scratchcounter=\count305
\scratchdimen=\dimen186
\scratchbox=\box59
\nofMPsegments=\count306
\nofMParguments=\count307
\everyMPshowfont=\toks30
\MPscratchCnt=\count308
\MPscratchDim=\dimen187
\MPnumerator=\count309
\makeMPintoPDFobject=\count310
\everyMPtoPDFconversion=\toks31
)
Couldn't patch \ttl@straight@ii
Couldn't patch \ttl@straight@ii
Package hyperref Info: Link coloring ON on input line 79.
(/usr/share/texlive/texmf-dist/tex/latex/hyperref/nameref.sty
Package: nameref 2021-04-02 v2.47 Cross-referencing by name of section

(/usr/share/texlive/texmf-dist/tex/latex/refcount/refcount.sty
Package: refcount 2019/12/15 v3.6 Data extraction from label references (HO)
)
(/usr/share/texlive/texmf-dist/tex/generic/gettitlestring/gettitlestring.sty
Package: gettitlestring 2019/12/15 v1.6 Cleanup title references (HO)
)
\c@section@level=\count311
)
LaTeX Info: Redefining \ref on input line 79.
LaTeX Info: Redefining \pageref on input line 79.
LaTeX Info: Redefining \nameref on input line 79.

(./capitulo-ast-jose.out) (./capitulo-ast-jose.out)
\@outlinefile=\write3
\openout3 = `capitulo-ast-jose.out'.


Cap\'{\i }tulo 1.
LaTeX Font Info:    Trying to load font information for T1+cmtt on input line 1
12.
(/usr/share/texlive/texmf-dist/tex/latex/base/t1cmtt.fd
File: t1cmtt.fd 2019/12/16 v2.5j Standard LaTeX font definitions
) [1


{/var/lib/texmf/fonts/map/pdftex/updmap/pdftex.map}]
LaTeX Font Info:    Font shape `T1/cmtt/bx/n' in size <10.95> not available
(Font)              Font shape `T1/cmtt/m/n' tried instead on input line 157.


LaTeX Warning: `!h' float specifier changed to `!ht'.


Overfull \hbox (25.65533pt too wide) in paragraph at lines 229--237
\T1/cmr/m/n/12 cel. Abar-can tan-to re-fe-ren-cias a co-lum-nas de la mis-ma ta
-bla o de otra (\T1/cmtt/m/n/12 xl-expr-column-ref\T1/cmr/m/n/12 ,
 []


Overfull \hbox (1.25574pt too wide) in paragraph at lines 229--237
\T1/cmtt/m/n/12 SUM\T1/cmr/m/n/12 ) y li-te-ra-les de tex-to. Gra-cias a es-ta 
re-pre-sen-ta-ción, el pro-gra-ma-dor es-cri-be \T1/cmtt/m/n/12 (countif
 []


Overfull \hbox (23.97577pt too wide) in paragraph at lines 229--237
\T1/cmtt/m/n/12 rango criterio) \T1/cmr/m/n/12 en lu-gar de com-po-ner ma-nual-
men-te la ca-de-na \T1/cmtt/m/n/12 ÇOUNTIF($B$4:$F$6,K4)"\T1/cmr/m/n/12 . 
 []

[2]
Underfull \hbox (badness 10000) in paragraph at lines 288--289
[]|\T1/cmtt/m/n/12 xl-expr-and\T1/cmr/m/n/12 ,
 []


Overfull \hbox (10.14186pt too wide) in paragraph at lines 296--297
[]|\T1/cmtt/m/n/12 xl-expr-table-col-ref| 
 []


Underfull \hbox (badness 10000) in paragraph at lines 310--311
[]|\T1/cmtt/m/n/12 xl-expr-gt\T1/cmr/m/n/12 ,
 []


Underfull \hbox (badness 7415) in paragraph at lines 312--313
[]|\T1/cmr/m/n/12 Comparación es-tric-ta: ma-yor
 []


Underfull \hbox (badness 10000) in paragraph at lines 314--315
[]|\T1/cmtt/m/n/12 xl-expr-gte\T1/cmr/m/n/12 ,
 []


Underfull \hbox (badness 10000) in paragraph at lines 318--319
[]|\T1/cmtt/m/n/12 xl-expr-add\T1/cmr/m/n/12 ,
 []


Underfull \hbox (badness 10000) in paragraph at lines 322--323
[]|\T1/cmtt/m/n/12 xl-expr-multiply\T1/cmr/m/n/12 ,
 []


Overfull \hbox (54.30925pt too wide) in paragraph at lines 328--330
\T1/cmtt/m/n/12 TEXT(TIMEVALUE(a)+(b/1440),"hh:mm")\T1/cmr/m/n/12 .| 
 []


LaTeX Warning: Float too large for page by 85.69102pt on input line 337.


LaTeX Warning: `!h' float specifier changed to `!ht'.


Overfull \hbox (15.3493pt too wide) in paragraph at lines 359--360
[]|\T1/cmtt/m/n/12 xl-expr-previous-row| 
 []


Overfull \hbox (15.3493pt too wide) in paragraph at lines 378--379
[]|\T1/cmtt/m/n/12 xl-expr-show-nothing| 
 []


LaTeX Warning: `!h' float specifier changed to `!ht'.


Underfull \hbox (badness 1331) in paragraph at lines 411--415
[]|\T1/cmr/m/n/12 Cuantificador exis-ten-cial es-
 []


LaTeX Warning: `!h' float specifier changed to `!ht'.

[3]
Overfull \hbox (33.86978pt too wide) in paragraph at lines 446--447
[]|\T1/cmtt/m/n/12 xl-expr-cross-sheet-ref| 
 []


Underfull \hbox (badness 4403) in paragraph at lines 448--451
[]|\T1/cmr/m/n/12 Referencia a una cel-da en
 []


Underfull \hbox (badness 3333) in paragraph at lines 448--451
\T1/cmr/m/n/12 otra ho-ja con nom-bre fi-jo.
 []


Underfull \hbox (badness 1057) in paragraph at lines 448--451
\T1/cmtt/m/n/12 cell-template \T1/cmr/m/n/12 pue-de in-cluir
 []


Overfull \hbox (3.00232pt too wide) in paragraph at lines 452--453
[]|\T1/cmtt/m/n/12 xl-expr-cross-cell| 
 []


Underfull \hbox (badness 4403) in paragraph at lines 454--457
[]|\T1/cmr/m/n/12 Referencia a una cel-da en
 []


Underfull \hbox (badness 2582) in paragraph at lines 454--457
\T1/cmr/m/n/12 la ho-ja li-ga-da a \T1/cmtt/m/n/12 sheet \T1/cmr/m/n/12 en
 []


Overfull \hbox (3.00232pt too wide) in paragraph at lines 458--459
[]|\T1/cmtt/m/n/12 xl-expr-source-row| 
 []


Underfull \hbox (badness 10000) in paragraph at lines 466--468
[]|\T1/cmr/m/n/12 Identificador ca-nó-ni-co de
 []


Underfull \hbox (badness 2582) in paragraph at lines 466--468
\T1/cmr/m/n/12 la ho-ja li-ga-da a \T1/cmtt/m/n/12 sheet \T1/cmr/m/n/12 en
 []


Underfull \hbox (badness 2941) in paragraph at lines 466--468
\T1/cmtt/m/n/12 *sheet-env*\T1/cmr/m/n/12 . Ca-da bac-kend
 []


Overfull \hbox (15.3493pt too wide) in paragraph at lines 469--470
[]|\T1/cmtt/m/n/12 xl-expr-collect-over| 
 []


Underfull \hbox (badness 4505) in paragraph at lines 471--474
[]|\T1/cmr/m/n/12 Itera \T1/cmtt/m/n/12 body \T1/cmr/m/n/12 so-bre ca-da ho-
 []


Underfull \hbox (badness 10000) in paragraph at lines 471--474
\T1/cmr/m/n/12 ja de \T1/cmtt/m/n/12 groups\T1/cmr/m/n/12 , li-gan-do
 []


Underfull \hbox (badness 10000) in paragraph at lines 471--474
\T1/cmtt/m/n/12 sheet-var\T1/cmr/m/n/12 , y con-ca-te-na
 []


Underfull \hbox (badness 10000) in paragraph at lines 471--474
\T1/cmr/m/n/12 los re-sul-ta-dos co-mo lis-ta
 []


Underfull \hbox (badness 1005) in paragraph at lines 471--474
\T1/cmr/m/n/12 se-pa-ra-da por co-mas me-dian-
 []


Underfull \hbox (badness 10000) in paragraph at lines 471--474
\T1/cmr/m/n/12 te \T1/cmtt/m/n/12 SUBSTITUTE(TRIM(...),
 []


LaTeX Warning: `!h' float specifier changed to `!ht'.


Underfull \hbox (badness 1242) in paragraph at lines 501--505
\T1/cmr/m/n/12 nal. \T1/cmtt/m/n/12 rule-condition \T1/cmr/m/n/12 es un
 []


Underfull \hbox (badness 3815) in paragraph at lines 501--505
\T1/cmr/m/n/12 no-do de ex-pre-sión boo-lea-
 []


Underfull \hbox (badness 10000) in paragraph at lines 510--513
\T1/cmr/m/n/12 una ta-bla. \T1/cmtt/m/n/12 anchor-type
 []


Underfull \hbox (badness 10000) in paragraph at lines 510--513
\T1/cmr/m/n/12 es \T1/cmtt/m/n/12 :ultima-fila \T1/cmr/m/n/12 o
 []


Underfull \hbox (badness 5711) in paragraph at lines 516--518
\T1/cmr/m/n/12 pa-sos di-rec-cio-na-les (arri-ba,
 []


Overfull \hbox (14.86627pt too wide) in paragraph at lines 519--520
[]|\T1/cmtt/m/n/12 xl-sheet-fixed-expr| 
 []


LaTeX Warning: `!h' float specifier changed to `!ht'.

LaTeX Font Info:    Font shape `T1/cmtt/bx/n' in size <14.4> not available
(Font)              Font shape `T1/cmtt/m/n' tried instead on input line 529.
[4]
Underfull \hbox (badness 10000) in paragraph at lines 629--630
[]|\T1/cmtt/m/n/12 (trange tabla-id desde
 []


LaTeX Warning: `!h' float specifier changed to `!ht'.

[5]
LaTeX Font Info:    Font shape `T1/cmtt/bx/n' in size <12> not available
(Font)              Font shape `T1/cmtt/m/n' tried instead on input line 701.
 [6] [7]
Overfull \hbox (2.96764pt too wide) in paragraph at lines 799--802
[]\T1/cmr/m/n/12 Para una re-gla con \T1/cmtt/m/n/12 :matching (dia hora) \T1/c
mr/m/n/12 y \T1/cmtt/m/n/12 :any-overlap (tutor ...secretario)\T1/cmr/m/n/12 ,
 []

(/usr/share/texlive/texmf-dist/tex/latex/listings/lstlang1.sty
File: lstlang1.sty 2020/03/24 1.8d listings language file
)
Overfull \hbox (13.05688pt too wide) in paragraph at lines 829--833
[]\T1/cmr/m/n/12 Para la re-gla de \T1/cmtt/m/n/12 profesores-table \T1/cmr/m/n
/12 con \T1/cmtt/m/n/12 :self-in (tutor ...secretario) \T1/cmr/m/n/12 y \T1/cmt
t/m/n/12 :matching
 []

[8] [9] [10] [11]
Overfull \hbox (11.23802pt too wide) in paragraph at lines 1042--1045
\T1/cmr/m/n/12 par-ten el slot \T1/cmtt/m/n/12 Lunes 10:00 \T1/cmr/m/n/12 con r
o-les so-la-pa-dos. El pro-gra-ma ge-ne-ra \T1/cmtt/m/n/12 Horario_Tesis.xlsx
 []

[12] [13] [14] [15] [16] [17] (./capitulo-ast-jose.aux
LaTeX Info: Redefining \. on input line 25.
LaTeX Info: Redefining \% on input line 25.
)
Package rerunfilecheck Info: File `capitulo-ast-jose.out' has not changed.
(rerunfilecheck)             Checksum: 2E0DF13EE068BA40A1A07E6C5D63FF19;4629.
 ) 
Here is how much of TeX's memory you used:
 14376 strings out of 478287
 215937 string characters out of 5849290
 995762 words of memory out of 5000000
 32196 multiletter control sequences out of 15000+600000
 481095 words of font info for 54 fonts, out of 8000000 for 9000
 1141 hyphenation exceptions out of 8191
 60i,10n,63p,1146b,2000s stack positions out of 5000i,500n,10000p,200000b,80000s
{/usr/share/texmf/fonts/enc/dvips/cm-super/cm-super-t1.enc}</usr/share/texmf/
fonts/type1/public/cm-super/sfbx1200.pfb></usr/share/texmf/fonts/type1/public/c
m-super/sfbx1440.pfb></usr/share/texmf/fonts/type1/public/cm-super/sfbx1728.pfb
></usr/share/texmf/fonts/type1/public/cm-super/sfbx2488.pfb></usr/share/texmf/f
onts/type1/public/cm-super/sfit1095.pfb></usr/share/texmf/fonts/type1/public/cm
-super/sfit1200.pfb></usr/share/texmf/fonts/type1/public/cm-super/sfrm1200.pfb>
</usr/share/texmf/fonts/type1/public/cm-super/sfti1200.pfb></usr/share/texmf/fo
nts/type1/public/cm-super/sftt1095.pfb></usr/share/texmf/fonts/type1/public/cm-
super/sftt1200.pfb></usr/share/texmf/fonts/type1/public/cm-super/sftt1440.pfb>
Output written on capitulo-ast-jose.pdf (17 pages, 332438 bytes).
PDF statistics:
 459 PDF objects out of 1000 (max. 8388607)
 413 compressed objects within 5 object streams
 222 named destinations out of 1000 (max. 500000)
 169 words of extra memory for PDF output out of 10000 (max. 10000000)

