\BOOKMARK [0][-]{chapter.1}{\376\377\000T\000u\000t\000o\000r\000i\000a\000l\000:\000\040\000c\000o\000n\000s\000t\000r\000u\000c\000c\000i\000\363\000n\000\040\000d\000e\000\040\000u\000n\000\040\000l\000i\000b\000r\000o\000\040\000d\000e\000\040\000c\000\341\000l\000c\000u\000l\000o\000\040\000c\000o\000n\000\040\000e\000l\000\040\000D\000S\000L}{}% 1
\BOOKMARK [1][-]{section.1.1}{\376\377\000I\000n\000s\000t\000a\000l\000a\000c\000i\000\363\000n}{chapter.1}% 2
\BOOKMARK [1][-]{section.1.2}{\376\377\000E\000l\000\040\000p\000r\000o\000b\000l\000e\000m\000a}{chapter.1}% 3
\BOOKMARK [1][-]{section.1.3}{\376\377\000C\000o\000n\000s\000t\000r\000u\000y\000e\000n\000d\000o\000\040\000e\000l\000\040\000p\000r\000o\000g\000r\000a\000m\000a\000\040\000p\000a\000s\000o\000\040\000a\000\040\000p\000a\000s\000o}{chapter.1}% 4
\BOOKMARK [2][-]{subsection.1.3.1}{\376\377\000P\000a\000s\000o\000\040\0001\000\040\040\024\000\040\000c\000a\000r\000g\000a\000r\000\040\000e\000l\000\040\000D\000S\000L}{section.1.3}% 5
\BOOKMARK [2][-]{subsection.1.3.2}{\376\377\000P\000a\000s\000o\000\040\0002\000\040\040\024\000\040\000p\000r\000e\000p\000a\000r\000a\000r\000\040\000l\000o\000s\000\040\000d\000a\000t\000o\000s}{section.1.3}% 6
\BOOKMARK [2][-]{subsection.1.3.3}{\376\377\000P\000a\000s\000o\000\040\0003\000\040\040\024\000\040\000d\000e\000c\000l\000a\000r\000a\000r\000\040\000l\000a\000\040\000t\000a\000b\000l\000a\000\040\000d\000e\000\040\000d\000e\000f\000e\000n\000s\000a\000s}{section.1.3}% 7
\BOOKMARK [2][-]{subsection.1.3.4}{\376\377\000P\000a\000s\000o\000\040\0004\000\040\040\024\000\040\000d\000e\000c\000l\000a\000r\000a\000r\000\040\000l\000a\000\040\000t\000a\000b\000l\000a\000\040\000d\000e\000\040\000p\000r\000o\000f\000e\000s\000o\000r\000e\000s}{section.1.3}% 8
\BOOKMARK [2][-]{subsection.1.3.5}{\376\377\000P\000a\000s\000o\000\040\0005\000\040\040\024\000\040\000e\000n\000s\000a\000m\000b\000l\000a\000r\000\040\000e\000l\000\040\000l\000i\000b\000r\000o}{section.1.3}% 9
\BOOKMARK [2][-]{subsection.1.3.6}{\376\377\000P\000a\000s\000o\000\040\0006\000\040\040\024\000\040\000g\000e\000n\000e\000r\000a\000r\000\040\000y\000\040\000e\000j\000e\000c\000u\000t\000a\000r}{section.1.3}% 10
\BOOKMARK [1][-]{section.1.4}{\376\377\000R\000e\000s\000u\000l\000t\000a\000d\000o}{chapter.1}% 11
\BOOKMARK [1][-]{section.1.5}{\376\377\000E\000l\000\040\000f\000i\000c\000h\000e\000r\000o\000\040\000c\000o\000m\000p\000l\000e\000t\000o}{chapter.1}% 12
\BOOKMARK [1][-]{section.1.6}{\376\377\000C\000\363\000m\000o\000\040\000f\000u\000n\000c\000i\000o\000n\000a\000\040\000e\000l\000\040\000s\000i\000s\000t\000e\000m\000a}{chapter.1}% 13
\BOOKMARK [1][-]{section.1.7}{\376\377\000G\000u\000\355\000a\000\040\000d\000e\000\040\000l\000a\000s\000\040\000f\000o\000r\000m\000a\000s\000\040\000d\000e\000l\000\040\000D\000S\000L}{chapter.1}% 14
\BOOKMARK [2][-]{subsection.1.7.1}{\376\377\000d\000e\000f\000-\000t\000a\000b\000l\000e\000\040\040\024\000\040\000d\000e\000f\000i\000n\000i\000r\000\040\000u\000n\000a\000\040\000t\000a\000b\000l\000a}{section.1.7}% 15
\BOOKMARK [2][-]{subsection.1.7.2}{\376\377\000e\000x\000i\000s\000t\000s\000\040\040\024\000\040\000c\000o\000n\000d\000i\000c\000i\000\363\000n\000\040\000d\000e\000\040\000e\000x\000i\000s\000t\000e\000n\000c\000i\000a}{section.1.7}% 16
\BOOKMARK [2][-]{subsection.1.7.3}{\376\377\000n\000a\000v\000\040\040\024\000\040\000p\000o\000s\000i\000c\000i\000o\000n\000a\000m\000i\000e\000n\000t\000o\000\040\000r\000e\000l\000a\000t\000i\000v\000o}{section.1.7}% 17
\BOOKMARK [2][-]{subsection.1.7.4}{\376\377\000l\000i\000b\000r\000o\000\040\000/\000\040\000h\000o\000j\000a\000\040\000/\000\040\000t\000a\000b\000l\000a\000\040\040\024\000\040\000e\000n\000s\000a\000m\000b\000l\000a\000r\000\040\000e\000l\000\040\000w\000o\000r\000k\000b\000o\000o\000k}{section.1.7}% 18
\BOOKMARK [1][-]{section.1.8}{\376\377\000R\000e\000f\000e\000r\000e\000n\000c\000i\000a\000\040\000r\000\341\000p\000i\000d\000a\000\040\000d\000e\000\040\000e\000x\000p\000r\000e\000s\000i\000o\000n\000e\000s}{chapter.1}% 19
\BOOKMARK [1][-]{section.1.9}{\376\377\000F\000o\000r\000m\000a\000s\000\040\000a\000d\000i\000c\000i\000o\000n\000a\000l\000e\000s\000\040\000d\000e\000l\000\040\000D\000S\000L}{chapter.1}% 20
