\BOOKMARK [0][-]{chapter*.1}{\376\377\000A\000g\000r\000a\000d\000e\000c\000i\000m\000i\000e\000n\000t\000o\000s}{}% 1
\BOOKMARK [0][-]{chapter*.2}{\376\377\000O\000p\000i\000n\000i\000\363\000n\000\040\000d\000e\000l\000\040\000T\000u\000t\000o\000r}{}% 2
\BOOKMARK [0][-]{chapter*.3}{\376\377\000R\000e\000s\000u\000m\000e\000n}{}% 3
\BOOKMARK [0][-]{chapter*.4}{\376\377\000A\000b\000s\000t\000r\000a\000c\000t}{}% 4
\BOOKMARK [0][-]{chapter*.6}{\376\377\000I\000n\000t\000r\000o\000d\000u\000c\000c\000i\000\363\000n}{}% 5
\BOOKMARK [0][-]{chapter.1}{\376\377\000P\000r\000e\000l\000i\000m\000i\000n\000a\000r\000e\000s\000\040\000t\000e\000\363\000r\000i\000c\000o\000s}{}% 6
\BOOKMARK [1][-]{section.1.1}{\376\377\000L\000e\000n\000g\000u\000a\000j\000e\000s\000\040\000d\000e\000\040\000d\000o\000m\000i\000n\000i\000o\000\040\000e\000s\000p\000e\000c\000\355\000f\000i\000c\000o}{chapter.1}% 7
\BOOKMARK [1][-]{section.1.2}{\376\377\000\301\000r\000b\000o\000l\000e\000s\000\040\000d\000e\000\040\000s\000i\000n\000t\000a\000x\000i\000s\000\040\000a\000b\000s\000t\000r\000a\000c\000t\000a\000\040\000y\000\040\000g\000e\000n\000e\000r\000a\000c\000i\000\363\000n\000\040\000d\000e\000\040\000c\000\363\000d\000i\000g\000o}{chapter.1}% 8
\BOOKMARK [2][-]{subsection.1.2.1}{\376\377\000\301\000r\000b\000o\000l\000\040\000d\000e\000\040\000s\000i\000n\000t\000a\000x\000i\000s\000\040\000a\000b\000s\000t\000r\000a\000c\000t\000a}{section.1.2}% 9
\BOOKMARK [2][-]{subsection.1.2.2}{\376\377\000G\000e\000n\000e\000r\000a\000c\000i\000\363\000n\000\040\000d\000e\000\040\000c\000\363\000d\000i\000g\000o}{section.1.2}% 10
\BOOKMARK [1][-]{section.1.3}{\376\377\000E\000l\000\040\000l\000e\000n\000g\000u\000a\000j\000e\000\040\000d\000e\000\040\000p\000r\000o\000g\000r\000a\000m\000a\000c\000i\000\363\000n\000\040\000C\000o\000m\000m\000o\000n\000\040\000L\000i\000s\000p}{chapter.1}% 11
\BOOKMARK [2][-]{subsection.1.3.1}{\376\377\000M\000a\000c\000r\000o\000s}{section.1.3}% 12
\BOOKMARK [2][-]{subsection.1.3.2}{\376\377\000F\000u\000n\000c\000i\000o\000n\000e\000s\000\040\000g\000e\000n\000\351\000r\000i\000c\000a\000s\000\040\000y\000\040\000C\000L\000O\000S}{section.1.3}% 13
\BOOKMARK [2][-]{subsection.1.3.3}{\376\377\000L\000a\000\040\000m\000a\000c\000r\000o\000\040\000d\000e\000f\000c\000l\000a\000s\000s\000*}{section.1.3}% 14
\BOOKMARK [1][-]{section.1.4}{\376\377\000H\000o\000j\000a\000s\000\040\000d\000e\000\040\000c\000\341\000l\000c\000u\000l\000o\000\040\000y\000\040\000e\000l\000\040\000f\000o\000r\000m\000a\000t\000o\000\040\000.\000x\000l\000s\000x}{chapter.1}% 15
\BOOKMARK [0][-]{chapter.2}{\376\377\000F\000u\000n\000d\000a\000m\000e\000n\000t\000o\000s\000\040\000d\000e\000l\000\040\000d\000o\000m\000i\000n\000i\000o\000\040\000y\000\040\000e\000s\000t\000a\000d\000o\000\040\000d\000e\000l\000\040\000a\000r\000t\000e}{}% 16
\BOOKMARK [1][-]{section.2.1}{\376\377\000P\000r\000o\000b\000l\000e\000m\000a\000s\000\040\000d\000e\000\040\000a\000s\000i\000g\000n\000a\000c\000i\000\363\000n\000\040\000d\000e\000\040\000h\000o\000r\000a\000r\000i\000o\000s}{chapter.2}% 17
\BOOKMARK [2][-]{subsection.2.1.1}{\376\377\000H\000o\000r\000a\000r\000i\000o\000\040\000d\000o\000c\000e\000n\000t\000e\000\040\000u\000n\000i\000v\000e\000r\000s\000i\000t\000a\000r\000i\000o}{section.2.1}% 18
\BOOKMARK [2][-]{subsection.2.1.2}{\376\377\000P\000l\000a\000n\000i\000f\000i\000c\000a\000c\000i\000\363\000n\000\040\000d\000e\000\040\000d\000e\000f\000e\000n\000s\000a\000s\000\040\000d\000e\000\040\000t\000e\000s\000i\000s}{section.2.1}% 19
\BOOKMARK [2][-]{subsection.2.1.3}{\376\377\000P\000r\000o\000g\000r\000a\000m\000a\000c\000i\000\363\000n\000\040\000t\000e\000l\000e\000v\000i\000s\000i\000v\000a}{section.2.1}% 20
\BOOKMARK [1][-]{section.2.2}{\376\377\000E\000s\000t\000a\000d\000o\000\040\000d\000e\000l\000\040\000a\000r\000t\000e}{chapter.2}% 21
\BOOKMARK [2][-]{subsection.2.2.1}{\376\377\000H\000o\000r\000a\000r\000i\000o\000\040\000d\000o\000c\000e\000n\000t\000e\000\040\000u\000n\000i\000v\000e\000r\000s\000i\000t\000a\000r\000i\000o}{section.2.2}% 22
\BOOKMARK [2][-]{subsection.2.2.2}{\376\377\000P\000r\000o\000g\000r\000a\000m\000a\000c\000i\000\363\000n\000\040\000t\000e\000l\000e\000v\000i\000s\000i\000v\000a}{section.2.2}% 23
\BOOKMARK [1][-]{section.2.3}{\376\377\000A\000p\000l\000i\000c\000a\000c\000i\000o\000n\000e\000s\000\040\000e\000x\000i\000s\000t\000e\000n\000t\000e\000s\000\040\000p\000a\000r\000a\000\040\000l\000a\000\040\000g\000e\000s\000t\000i\000\363\000n\000\040\000d\000e\000\040\000h\000o\000r\000a\000r\000i\000o\000s}{chapter.2}% 24
\BOOKMARK [2][-]{subsection.2.3.1}{\376\377\000\301\000m\000b\000i\000t\000o\000\040\000a\000c\000a\000d\000\351\000m\000i\000c\000o}{section.2.3}% 25
\BOOKMARK [2][-]{subsection.2.3.2}{\376\377\000\301\000m\000b\000i\000t\000o\000\040\000d\000e\000\040\000r\000a\000d\000i\000o\000d\000i\000f\000u\000s\000i\000\363\000n}{section.2.3}% 26
\BOOKMARK [1][-]{section.2.4}{\376\377\000T\000e\000c\000n\000o\000l\000o\000g\000\355\000a\000s\000\040\000e\000m\000p\000l\000e\000a\000d\000a\000s}{chapter.2}% 27
\BOOKMARK [1][-]{section.2.5}{\376\377\000L\000i\000m\000i\000t\000a\000c\000i\000o\000n\000e\000s\000\040\000d\000e\000\040\000l\000o\000s\000\040\000e\000n\000f\000o\000q\000u\000e\000s\000\040\000a\000c\000t\000u\000a\000l\000e\000s}{chapter.2}% 28
\BOOKMARK [0][-]{chapter.3}{\376\377\000A\000n\000\341\000l\000i\000s\000i\000s\000\040\000d\000e\000l\000\040\000d\000o\000m\000i\000n\000i\000o\000\040\000d\000e\000\040\000p\000l\000a\000n\000i\000f\000i\000c\000a\000c\000i\000\363\000n\000\040\000t\000a\000b\000u\000l\000a\000r}{}% 29
\BOOKMARK [1][-]{section.3.1}{\376\377\000C\000a\000s\000o\000s\000\040\000d\000e\000\040\000u\000s\000o}{chapter.3}% 30
\BOOKMARK [2][-]{subsection.3.1.1}{\376\377\000H\000o\000r\000a\000r\000i\000o\000\040\000d\000e\000\040\000d\000e\000f\000e\000n\000s\000a\000s\000\040\000d\000e\000\040\000t\000e\000s\000i\000s}{section.3.1}% 31
\BOOKMARK [2][-]{subsection.3.1.2}{\376\377\000H\000o\000r\000a\000r\000i\000o\000\040\000d\000o\000c\000e\000n\000t\000e\000\040\000d\000e\000\040\000l\000a\000\040\000f\000a\000c\000u\000l\000t\000a\000d}{section.3.1}% 32
\BOOKMARK [2][-]{subsection.3.1.3}{\376\377\000H\000o\000r\000a\000r\000i\000o\000\040\000d\000e\000\040\000p\000r\000o\000g\000r\000a\000m\000a\000c\000i\000\363\000n\000\040\000t\000e\000l\000e\000v\000i\000s\000i\000v\000a}{section.3.1}% 33
\BOOKMARK [1][-]{section.3.2}{\376\377\000E\000l\000e\000m\000e\000n\000t\000o\000s\000\040\000c\000o\000m\000u\000n\000e\000s}{chapter.3}% 34
\BOOKMARK [2][-]{subsection.3.2.1}{\376\377\000T\000a\000b\000l\000a\000s\000\040\000r\000e\000l\000a\000c\000i\000o\000n\000a\000d\000a\000s\000\040\000y\000\040\000r\000e\000f\000e\000r\000e\000n\000c\000i\000a\000s\000\040\000c\000r\000u\000z\000a\000d\000a\000s}{section.3.2}% 35
\BOOKMARK [2][-]{subsection.3.2.2}{\376\377\000C\000o\000l\000u\000m\000n\000a\000s\000\040\000c\000a\000l\000c\000u\000l\000a\000d\000a\000s}{section.3.2}% 36
\BOOKMARK [2][-]{subsection.3.2.3}{\376\377\000V\000i\000s\000u\000a\000l\000i\000z\000a\000c\000i\000\363\000n\000\040\000c\000o\000n\000d\000i\000c\000i\000o\000n\000a\000l}{section.3.2}% 37
\BOOKMARK [2][-]{subsection.3.2.4}{\376\377\000P\000o\000s\000i\000c\000i\000o\000n\000a\000m\000i\000e\000n\000t\000o\000\040\000r\000e\000l\000a\000t\000i\000v\000o}{section.3.2}% 38
\BOOKMARK [1][-]{section.3.3}{\376\377\000R\000e\000q\000u\000i\000s\000i\000t\000o\000s\000\040\000d\000e\000l\000\040\000l\000e\000n\000g\000u\000a\000j\000e}{chapter.3}% 39
\BOOKMARK [0][-]{chapter.4}{\376\377\000E\000l\000\040\000L\000e\000n\000g\000u\000a\000j\000e\000\040\000d\000e\000\040\000D\000o\000m\000i\000n\000i\000o\000\040\000E\000s\000p\000e\000c\000\355\000f\000i\000c\000o}{}% 40
\BOOKMARK [1][-]{section.4.1}{\376\377\000V\000i\000s\000i\000\363\000n\000\040\000g\000e\000n\000e\000r\000a\000l}{chapter.4}% 41
\BOOKMARK [1][-]{section.4.2}{\376\377\000\301\000r\000b\000o\000l\000\040\000d\000e\000\040\000s\000i\000n\000t\000a\000x\000i\000s\000\040\000a\000b\000s\000t\000r\000a\000c\000t\000a}{chapter.4}% 42
\BOOKMARK [2][-]{subsection.4.2.1}{\376\377\000E\000s\000t\000r\000u\000c\000t\000u\000r\000a\000\040\000d\000e\000l\000\040\000w\000o\000r\000k\000b\000o\000o\000k}{section.4.2}% 43
\BOOKMARK [2][-]{subsection.4.2.2}{\376\377\000E\000x\000p\000r\000e\000s\000i\000o\000n\000e\000s\000\040\000d\000e\000\040\000c\000e\000l\000d\000a}{section.4.2}% 44
\BOOKMARK [2][-]{subsection.4.2.3}{\376\377\000N\000a\000v\000e\000g\000a\000c\000i\000\363\000n\000\040\000d\000e\000\040\000f\000i\000l\000a\000\040\000y\000\040\000c\000o\000n\000t\000r\000o\000l\000\040\000d\000e\000\040\000v\000i\000s\000i\000b\000i\000l\000i\000d\000a\000d}{section.4.2}% 45
\BOOKMARK [2][-]{subsection.4.2.4}{\376\377\000C\000u\000a\000n\000t\000i\000f\000i\000c\000a\000c\000i\000\363\000n\000\040\000e\000x\000i\000s\000t\000e\000n\000c\000i\000a\000l}{section.4.2}% 46
\BOOKMARK [2][-]{subsection.4.2.5}{\376\377\000E\000x\000p\000r\000e\000s\000i\000o\000n\000e\000s\000\040\000c\000r\000o\000s\000s\000-\000s\000h\000e\000e\000t\000\040\000d\000i\000n\000\341\000m\000i\000c\000a\000s}{section.4.2}% 47
\BOOKMARK [2][-]{subsection.4.2.6}{\376\377\000F\000o\000r\000m\000a\000t\000o\000\040\000c\000o\000n\000d\000i\000c\000i\000o\000n\000a\000l\000\040\000y\000\040\000p\000o\000s\000i\000c\000i\000o\000n\000a\000m\000i\000e\000n\000t\000o}{section.4.2}% 48
\BOOKMARK [1][-]{section.4.3}{\376\377\000D\000e\000f\000i\000n\000i\000c\000i\000\363\000n\000\040\000d\000e\000\040\000t\000a\000b\000l\000a\000s\000:\000\040\000d\000e\000f\000-\000t\000a\000b\000l\000e}{chapter.4}% 49
\BOOKMARK [1][-]{section.4.4}{\376\377\000E\000x\000p\000r\000e\000s\000i\000o\000n\000e\000s\000\040\000d\000e\000\040\000c\000e\000l\000d\000a}{chapter.4}% 50
\BOOKMARK [1][-]{section.4.5}{\376\377\000E\000l\000\040\000c\000u\000a\000n\000t\000i\000f\000i\000c\000a\000d\000o\000r\000\040\000e\000x\000i\000s\000t\000e\000n\000c\000i\000a\000l\000\040\000e\000x\000i\000s\000t\000s}{chapter.4}% 51
\BOOKMARK [2][-]{subsection.4.5.1}{\376\377\000V\000a\000r\000i\000a\000n\000t\000e\000\040\000s\000a\000m\000e\000-\000t\000a\000b\000l\000e\000:\000\040\000:\000a\000l\000l\000-\000r\000o\000w\000s}{section.4.5}% 52
\BOOKMARK [2][-]{subsection.4.5.2}{\376\377\000V\000a\000r\000i\000a\000n\000t\000e\000\040\000c\000r\000o\000s\000s\000-\000t\000a\000b\000l\000e\000:\000\040\000:\000r\000o\000w\000s\000-\000o\000f}{section.4.5}% 53
\BOOKMARK [1][-]{section.4.6}{\376\377\000F\000o\000r\000m\000a\000t\000o\000\040\000c\000o\000n\000d\000i\000c\000i\000o\000n\000a\000l\000\040\000d\000e\000c\000l\000a\000r\000a\000t\000i\000v\000o}{chapter.4}% 54
\BOOKMARK [1][-]{section.4.7}{\376\377\000E\000n\000s\000a\000m\000b\000l\000a\000j\000e\000\040\000d\000e\000l\000\040\000w\000o\000r\000k\000b\000o\000o\000k}{chapter.4}% 55
\BOOKMARK [1][-]{section.4.8}{\376\377\000P\000o\000s\000i\000c\000i\000o\000n\000a\000m\000i\000e\000n\000t\000o\000\040\000r\000e\000l\000a\000t\000i\000v\000o\000:\000\040\000n\000a\000v}{chapter.4}% 56
\BOOKMARK [1][-]{section.4.9}{\376\377\000G\000e\000n\000e\000r\000a\000c\000i\000\363\000n\000\040\000y\000\040\000e\000j\000e\000c\000u\000c\000i\000\363\000n}{chapter.4}% 57
\BOOKMARK [1][-]{section.4.10}{\376\377\000E\000j\000e\000m\000p\000l\000o\000\040\000c\000o\000m\000p\000l\000e\000t\000o\000:\000\040\000H\000o\000r\000a\000r\000i\000o\000\040\000d\000e\000\040\000D\000e\000f\000e\000n\000s\000a\000s\000\040\000d\000e\000\040\000T\000e\000s\000i\000s}{chapter.4}% 58
\BOOKMARK [0][-]{chapter.5}{\376\377\000E\000l\000\040\000b\000a\000c\000k\000e\000n\000d\000\040\000E\000x\000c\000e\000l\000:\000\040\000g\000e\000n\000e\000r\000a\000c\000i\000\363\000n\000\040\000d\000e\000\040\000a\000r\000c\000h\000i\000v\000o\000s\000\040\000.\000x\000l\000s\000x}{}% 59
\BOOKMARK [1][-]{section.5.1}{\376\377\000A\000r\000q\000u\000i\000t\000e\000c\000t\000u\000r\000a\000\040\000d\000e\000l\000\040\000b\000a\000c\000k\000e\000n\000d}{chapter.5}% 60
\BOOKMARK [1][-]{section.5.2}{\376\377\000R\000e\000s\000o\000l\000u\000c\000i\000\363\000n\000\040\000d\000e\000\040\000c\000o\000o\000r\000d\000e\000n\000a\000d\000a\000s}{chapter.5}% 61
\BOOKMARK [2][-]{subsection.5.2.1}{\376\377\000C\000o\000n\000v\000e\000r\000s\000i\000\363\000n\000\040\000d\000e\000\040\000n\000\372\000m\000e\000r\000o\000\040\000d\000e\000\040\000c\000o\000l\000u\000m\000n\000a\000\040\000a\000\040\000l\000e\000t\000r\000a\000\040\000E\000x\000c\000e\000l}{section.5.2}% 62
\BOOKMARK [2][-]{subsection.5.2.2}{\376\377\000C\000o\000n\000s\000t\000r\000u\000c\000c\000i\000\363\000n\000\040\000d\000e\000l\000\040\000m\000a\000p\000a\000\040\000d\000e\000\040\000c\000o\000l\000u\000m\000n\000a\000s}{section.5.2}% 63
\BOOKMARK [2][-]{subsection.5.2.3}{\376\377\000C\000\341\000l\000c\000u\000l\000o\000\040\000d\000e\000\040\000r\000a\000n\000g\000o\000s\000\040\000d\000e\000\040\000f\000i\000l\000a}{section.5.2}% 64
\BOOKMARK [1][-]{section.5.3}{\376\377\000L\000a\000\040\000f\000u\000n\000c\000i\000\363\000n\000\040\000g\000e\000n\000\351\000r\000i\000c\000a\000\040\000c\000o\000m\000p\000i\000l\000e\000-\000e\000x\000c\000e\000l\000-\000f\000o\000r\000m\000u\000l\000a}{chapter.5}% 65
\BOOKMARK [2][-]{subsection.5.3.1}{\376\377\000M\000\351\000t\000o\000d\000o\000s\000\040\000p\000a\000r\000a\000\040\000e\000x\000p\000r\000e\000s\000i\000o\000n\000e\000s\000\040\000s\000i\000m\000p\000l\000e\000s}{section.5.3}% 66
\BOOKMARK [2][-]{subsection.5.3.2}{\376\377\000M\000\351\000t\000o\000d\000o\000s\000\040\000p\000a\000r\000a\000\040\000r\000a\000n\000g\000o\000s\000\040\000y\000\040\000a\000g\000r\000e\000g\000a\000d\000o\000s}{section.5.3}% 67
\BOOKMARK [1][-]{section.5.4}{\376\377\000G\000e\000n\000e\000r\000a\000c\000i\000\363\000n\000\040\000d\000e\000\040\000f\000o\000r\000m\000a\000t\000o\000\040\000c\000o\000n\000d\000i\000c\000i\000o\000n\000a\000l}{chapter.5}% 68
\BOOKMARK [2][-]{subsection.5.4.1}{\376\377\000V\000a\000r\000i\000a\000n\000t\000e\000\040\000s\000a\000m\000e\000-\000t\000a\000b\000l\000e\000:\000\040\000S\000U\000M\000P\000R\000O\000D\000U\000C\000T\000\040\000c\000o\000n\000\040\000e\000x\000c\000l\000u\000s\000i\000\363\000n\000\040\000d\000e\000\040\000f\000i\000l\000a\000\040\000a\000c\000t\000u\000a\000l}{section.5.4}% 69
\BOOKMARK [2][-]{subsection.5.4.2}{\376\377\000V\000a\000r\000i\000a\000n\000t\000e\000\040\000c\000r\000o\000s\000s\000-\000t\000a\000b\000l\000e\000:\000\040\000S\000U\000M\000P\000R\000O\000D\000U\000C\000T\000\040\000c\000o\000n\000\040\000C\000O\000U\000N\000T\000I\000F\000S}{section.5.4}% 70
\BOOKMARK [1][-]{section.5.5}{\376\377\000G\000e\000n\000e\000r\000a\000c\000i\000\363\000n\000\040\000d\000e\000\040\000r\000e\000f\000e\000r\000e\000n\000c\000i\000a\000s\000\040\000c\000r\000u\000z\000a\000d\000a\000s\000\040\000e\000n\000t\000r\000e\000\040\000h\000o\000j\000a\000s}{chapter.5}% 71
\BOOKMARK [1][-]{section.5.6}{\376\377\000G\000e\000n\000e\000r\000a\000c\000i\000\363\000n\000\040\000d\000e\000l\000\040\000p\000r\000o\000g\000r\000a\000m\000a\000\040\000P\000y\000t\000h\000o\000n}{chapter.5}% 72
\BOOKMARK [0][-]{chapter.6}{\376\377\000D\000e\000t\000a\000l\000l\000e\000s\000\040\000d\000e\000\040\000i\000m\000p\000l\000e\000m\000e\000n\000t\000a\000c\000i\000\363\000n}{}% 73
\BOOKMARK [1][-]{section.6.1}{\376\377\000O\000r\000g\000a\000n\000i\000z\000a\000c\000i\000\363\000n\000\040\000e\000n\000\040\000c\000u\000a\000t\000r\000o\000\040\000a\000r\000c\000h\000i\000v\000o\000s}{chapter.6}% 74
\BOOKMARK [1][-]{section.6.2}{\376\377\000M\000a\000c\000r\000o\000s\000\040\000d\000e\000l\000\040\000D\000S\000L}{chapter.6}% 75
\BOOKMARK [2][-]{subsection.6.2.1}{\376\377\000M\000a\000c\000r\000o\000s\000\040\000d\000e\000\040\000e\000x\000p\000r\000e\000s\000i\000\363\000n}{section.6.2}% 76
\BOOKMARK [2][-]{subsection.6.2.2}{\376\377\000M\000a\000c\000r\000o\000s\000\040\000d\000e\000\040\000e\000s\000t\000r\000u\000c\000t\000u\000r\000a}{section.6.2}% 77
\BOOKMARK [2][-]{subsection.6.2.3}{\376\377\000E\000l\000\040\000m\000a\000c\000r\000o\000\040\000n\000a\000v\000\040\000y\000\040\000e\000l\000\040\000s\000i\000s\000t\000e\000m\000a\000\040\000d\000e\000\040\000p\000o\000s\000i\000c\000i\000o\000n\000a\000m\000i\000e\000n\000t\000o}{section.6.2}% 78
\BOOKMARK [1][-]{section.6.3}{\376\377\000E\000x\000t\000e\000n\000s\000i\000b\000i\000l\000i\000d\000a\000d\000\040\000d\000e\000l\000\040\000s\000i\000s\000t\000e\000m\000a}{chapter.6}% 79
\BOOKMARK [1][-]{section.6.4}{\376\377\000V\000a\000l\000i\000d\000a\000c\000i\000\363\000n\000\040\000s\000o\000b\000r\000e\000\040\000l\000o\000s\000\040\000c\000a\000s\000o\000s\000\040\000d\000e\000\040\000u\000s\000o}{chapter.6}% 80
\BOOKMARK [2][-]{subsection.6.4.1}{\376\377\000H\000o\000r\000a\000r\000i\000o\000\040\000d\000e\000\040\000D\000e\000f\000e\000n\000s\000a\000s\000\040\000d\000e\000\040\000T\000e\000s\000i\000s}{section.6.4}% 81
\BOOKMARK [2][-]{subsection.6.4.2}{\376\377\000H\000o\000r\000a\000r\000i\000o\000\040\000D\000o\000c\000e\000n\000t\000e\000\040\000d\000e\000\040\000l\000a\000\040\000F\000a\000c\000u\000l\000t\000a\000d}{section.6.4}% 82
\BOOKMARK [2][-]{subsection.6.4.3}{\376\377\000D\000i\000s\000c\000u\000s\000i\000\363\000n\000\040\000c\000o\000m\000p\000a\000r\000a\000t\000i\000v\000a}{section.6.4}% 83
\BOOKMARK [0][-]{chapter*.17}{\376\377\000C\000o\000n\000c\000l\000u\000s\000i\000o\000n\000e\000s}{}% 84
\BOOKMARK [0][-]{chapter*.18}{\376\377\000R\000e\000c\000o\000m\000e\000n\000d\000a\000c\000i\000o\000n\000e\000s}{}% 85
